{
  "bellflower": {
    "title": "Bellflower",
    "author": "guy",
    "date": "2012-07-23T00:00:00.000Z",
    "template": "article.jade",
    "tags": [
      "crab",
      "rose",
      "bells"
    ],
    "preview": "How strange are those old recollections which haunt us without our being able to get rid of them! This one is so very old that I cannot understand how it has clung so â€¦",
    "iso8601Date": "2012-07-22T17:00:00-07:00",
    "basename": "bellflower"
  }
}
